-- 
-- Map file for Dominions 3
-- 
-- Illwinter Game Design
-- www.illwinter.com
-- 

-- Title and image file
#dom2title Treacherous Caves
#imagefile caves.rgb
#domversion 175
#defaultmapzoom 0.30
#description "Two continents united by a cave system. Plenty of water and some islands."

-- Province names/terrains
#landname 1 "Momephe"
#terrain 1 6
#landname 2 "Quedra"
#terrain 2 4
#landname 3 "Suthu"
#terrain 3 4
#landname 4 "Akesta"
#terrain 4 6
#landname 5 "Troea"
#terrain 5 6
#landname 6 "Faran"
#terrain 6 64
#landname 7 "Tesifon"
#terrain 7 32
#landname 8 "Rivia"
#terrain 8 64
#landname 9 "Ophaleph"
#terrain 9 64
#landname 10 "Murias"
#terrain 10 4
#landname 11 "Swande"
#terrain 11 4
#landname 12 "Inuptia"
#terrain 12 40
#landname 13 "Dathen"
#terrain 13 40
#landname 14 "Rhetha"
#terrain 14 768
#landname 15 "Amiridon"
#terrain 15 64
#landname 16 "Aenasia"
#terrain 16 74
#landname 17 "Doven"
#terrain 17 4
#landname 18 "Dunster"
#terrain 18 1056
#landname 19 "Morn"
#terrain 19 518
#landname 20 "Umbro"
#terrain 20 40
#landname 21 "Pugria"
#terrain 21 4672
#landname 22 "Neotha"
#terrain 22 168
#landname 23 "Nom"
#terrain 23 74
#landname 24 "Grypha"
#terrain 24 4612
#landname 25 "Uliathum"
#terrain 25 4097
#landname 26 "Omia"
#terrain 26 328
#landname 27 "Ashenton"
#terrain 27 4105
#landname 28 "Fenatice"
#terrain 28 1540
#landname 29 "Lands End"
#terrain 29 0
#landname 30 "Numecria"
#terrain 30 169
#landname 31 "Dun Vale"
#terrain 31 4106
#landname 32 "Lithia"
#terrain 32 4096
#landname 33 "Polmania"
#terrain 33 4096
#landname 34 "Wacce"
#terrain 34 1192
#landname 35 "Aenidra"
#terrain 35 80
#landname 36 "Cynaphe"
#terrain 36 4104
#landname 37 "Gintmark"
#terrain 37 88
#landname 38 "Anremark"
#terrain 38 4105
#landname 39 "Zoglia"
#terrain 39 0
#landname 40 "Ipriscia"
#terrain 40 5120
#landname 41 "Fowanshire"
#terrain 41 4
#landname 42 "Lapintha"
#terrain 42 4612
#landname 43 "Nicia"
#terrain 43 4612
#landname 44 "Lliledhor"
#terrain 44 0
#landname 45 "Nardago"
#terrain 45 0
#landname 46 "Wold"
#terrain 46 129
#landname 47 "Ragdan"
#terrain 47 128
#landname 48 "Talito"
#terrain 48 4232
#landname 49 "Umidor"
#terrain 49 4224
#landname 50 "Anvast"
#terrain 50 4224
#landname 51 "Nenhaboa"
#terrain 51 16
#landname 52 "Linshire"
#terrain 52 4120
#landname 53 "Zanthrast"
#terrain 53 4120
#landname 54 "Ryd"
#terrain 54 1
#landname 55 "Kepess"
#terrain 55 4612
#landname 56 "Kishia"
#terrain 56 0
#landname 57 "Canese Plain"
#terrain 57 0
#landname 58 "Binophe"
#terrain 58 136
#landname 59 "Utonshire"
#terrain 59 4
#landname 60 "Elidor"
#terrain 60 16
#landname 61 "Palame"
#terrain 61 4098
#landname 62 "Erycia"
#terrain 62 0
#landname 63 "Oeperi"
#terrain 63 4354
#landname 64 "Hynaphe"
#terrain 64 128
#landname 65 "Dubros"
#terrain 65 4232
#landname 66 "Nethermark"
#terrain 66 16
#landname 67 "Bitra"
#terrain 67 5266
#landname 68 "Fanligia"
#terrain 68 24
#landname 69 "Ferra"
#terrain 69 8
#landname 70 "Ultima Delca"
#terrain 70 136
#landname 71 "Pzucz"
#terrain 71 136
#landname 72 "Fogyc"
#terrain 72 264
#landname 73 "Belegor"
#terrain 73 16
#landname 74 "Temiglia"
#terrain 74 1152
#landname 75 "Vath"
#terrain 75 136
#landname 76 "Ucrema"
#terrain 76 518
#landname 77 "Towen"
#terrain 77 24
#landname 78 "Belmar"
#terrain 78 16
#landname 79 "Faldenburgh"
#terrain 79 5128
#landname 80 "Gwyrth"
#terrain 80 6
#landname 81 "Wic"
#terrain 81 4
#landname 82 "Aole"
#terrain 82 128
#landname 83 "Tenera"
#terrain 83 136
#landname 84 "Ralothia"
#terrain 84 1042
#landname 85 "Elderhill"
#terrain 85 4194568
#landname 86 "Epernia"
#terrain 86 144
#landname 87 "Fom"
#terrain 87 128
#landname 88 "Jebero"
#terrain 88 128
#landname 89 "Phalicia"
#terrain 89 144
#landname 90 "Emryc"
#terrain 90 4
#landname 91 "Ionia"
#terrain 91 770
#landname 92 "Nashen"
#terrain 92 6
#landname 93 "Typhia"
#terrain 93 1154
#landname 94 "Debrithia"
#terrain 94 6
#landname 95 "Kepria"
#terrain 95 6
#landname 96 "Eryx"
#terrain 96 70
#landname 97 "Trisia"
#terrain 97 4
#landname 98 "Hiperboce"
#terrain 98 6
#landname 99 "Dagothia"
#terrain 99 3332
#landname 100 "Barme"
#terrain 100 4
#landname 101 "Dardania"
#terrain 101 3334
#landname 102 "Black Grave"
#terrain 102 2052
#landname 103 "Pranda"
#terrain 103 1664

-- Province neighbours
#neighbour 1 10
#neighbour 1 9
#neighbour 1 6
#neighbour 1 2
#neighbour 1 3
#neighbour 1 15
#neighbour 2 6
#neighbour 2 8
#neighbour 2 17
#neighbour 3 11
#neighbour 3 14
#neighbour 3 10
#neighbour 3 4
#neighbour 4 5
#neighbour 4 7
#neighbour 4 12
#neighbour 4 11
#neighbour 5 41
#neighbour 5 22
#neighbour 5 13
#neighbour 5 7
#neighbour 6 16
#neighbour 6 9
#neighbour 6 8
#neighbour 7 12
#neighbour 7 13
#neighbour 8 17
#neighbour 8 16
#neighbour 9 16
#neighbour 9 15
#neighbour 9 23
#neighbour 10 14
#neighbour 10 15
#neighbour 11 18
#neighbour 11 14
#neighbour 12 18
#neighbour 12 20
#neighbour 12 13
#neighbour 12 19
#neighbour 13 19
#neighbour 13 22
#neighbour 14 24
#neighbour 15 23
#neighbour 16 17
#neighbour 16 26
#neighbour 16 21
#neighbour 16 23
#neighbour 16 28
#neighbour 17 59
#neighbour 17 26
#neighbour 17 35
#neighbour 18 29
#neighbour 18 20
#neighbour 19 20
#neighbour 19 30
#neighbour 19 34
#neighbour 19 22
#neighbour 20 39
#neighbour 20 29
#neighbour 20 30
#neighbour 21 23
#neighbour 21 28
#neighbour 22 41
#neighbour 22 34
#neighbour 23 44
#neighbour 23 28
#neighbour 24 27
#neighbour 24 31
#neighbour 25 31
#neighbour 26 37
#neighbour 26 28
#neighbour 26 35
#neighbour 27 32
#neighbour 28 37
#neighbour 29 45
#neighbour 29 39
#neighbour 30 39
#neighbour 30 34
#neighbour 31 38
#neighbour 31 40
#neighbour 31 33
#neighbour 33 36
#neighbour 34 41
#neighbour 34 39
#neighbour 34 47
#neighbour 34 46
#neighbour 35 59
#neighbour 35 51
#neighbour 35 37
#neighbour 36 43
#neighbour 37 51
#neighbour 37 60
#neighbour 37 54
#neighbour 37 44
#neighbour 38 42
#neighbour 39 45
#neighbour 39 56
#neighbour 39 46
#neighbour 40 48
#neighbour 41 81
#neighbour 41 64
#neighbour 41 47
#neighbour 42 52
#neighbour 43 53
#neighbour 44 57
#neighbour 44 54
#neighbour 45 52
#neighbour 45 62
#neighbour 45 56
#neighbour 46 56
#neighbour 46 47
#neighbour 46 58
#neighbour 47 64
#neighbour 47 58
#neighbour 48 50
#neighbour 48 49
#neighbour 48 55
#neighbour 49 52
#neighbour 50 53
#neighbour 51 66
#neighbour 51 60
#neighbour 52 61
#neighbour 53 57
#neighbour 53 63
#neighbour 54 60
#neighbour 54 57
#neighbour 55 65
#neighbour 56 62
#neighbour 56 70
#neighbour 56 58
#neighbour 57 68
#neighbour 57 60
#neighbour 57 69
#neighbour 58 71
#neighbour 58 64
#neighbour 58 76
#neighbour 58 70
#neighbour 59 92
#neighbour 60 66
#neighbour 60 68
#neighbour 61 65
#neighbour 62 74
#neighbour 62 70
#neighbour 63 65
#neighbour 64 81
#neighbour 64 71
#neighbour 65 67
#neighbour 66 73
#neighbour 66 68
#neighbour 68 78
#neighbour 68 73
#neighbour 68 77
#neighbour 68 69
#neighbour 69 78
#neighbour 69 72
#neighbour 70 75
#neighbour 70 76
#neighbour 71 81
#neighbour 71 83
#neighbour 71 76
#neighbour 72 80
#neighbour 72 78
#neighbour 73 84
#neighbour 73 77
#neighbour 74 80
#neighbour 74 75
#neighbour 74 82
#neighbour 75 79
#neighbour 75 82
#neighbour 75 76
#neighbour 76 83
#neighbour 76 79
#neighbour 77 78
#neighbour 77 84
#neighbour 77 85
#neighbour 78 86
#neighbour 80 91
#neighbour 80 94
#neighbour 80 82
#neighbour 80 90
#neighbour 81 95
#neighbour 81 88
#neighbour 81 83
#neighbour 82 87
#neighbour 82 90
#neighbour 83 88
#neighbour 83 87
#neighbour 84 89
#neighbour 86 93
#neighbour 87 98
#neighbour 87 88
#neighbour 87 90
#neighbour 87 95
#neighbour 88 95
#neighbour 89 93
#neighbour 90 98
#neighbour 90 97
#neighbour 90 91
#neighbour 91 97
#neighbour 91 94
#neighbour 92 99
#neighbour 92 96
#neighbour 94 97
#neighbour 94 100
#neighbour 94 96
#neighbour 95 98
#neighbour 95 101
#neighbour 96 100
#neighbour 96 102
#neighbour 96 99
#neighbour 97 103
#neighbour 97 98
#neighbour 97 100
#neighbour 98 103
#neighbour 98 101
#neighbour 99 102
#neighbour 100 103
#neighbour 100 102

-- Special per province commands

-- Agatha
#specstart 12 31
#specstart 36 31
#specstart 57 31

-- Ctis
#specstart 10 16
#specstart 39 16
#specstart 60 16

-- Mictlan
#specstart 7 16
#specstart 33 16
#specstart 54 16

-- Pangaea
#specstart 11 88
#specstart 40 88
#specstart 61 88

-- Pangaea
#specstart 18 71
#specstart 43 71
#specstart 64 71
